[html.kodesolution.com/2026/realest-html/index.html]
[backblue.gif]
[fade.gif]
[index.html]
[html.kodesolution.com/2026/realest-html/css/bootstrap.min.css]
[html.kodesolution.com/2026/realest-html/images/favicon.png]
[html.kodesolution.com/2026/realest-html/css/style.css]
[html.kodesolution.com/2026/realest-html/index-2.html]
[html.kodesolution.com/2026/realest-html/images/logo2.png]
[html.kodesolution.com/2026/realest-html/index-3.html]
[html.kodesolution.com/2026/realest-html/index-4.html]
[html.kodesolution.com/2026/realest-html/page-about.html]
[html.kodesolution.com/2026/realest-html/page-team.html]
[html.kodesolution.com/2026/realest-html/page-team-details.html]
[html.kodesolution.com/2026/realest-html/page-pricing.html]
[html.kodesolution.com/2026/realest-html/page-testimonial.html]
[html.kodesolution.com/2026/realest-html/page-faq.html]
[html.kodesolution.com/2026/realest-html/page-contact.html]
[html.kodesolution.com/2026/realest-html/shop-products.html]
[html.kodesolution.com/2026/realest-html/shop-products-sidebar.html]
[html.kodesolution.com/2026/realest-html/shop-product-details.html]
[html.kodesolution.com/2026/realest-html/shop-cart.html]
[html.kodesolution.com/2026/realest-html/shop-checkout.html]
[html.kodesolution.com/2026/realest-html/page-404.html]
[html.kodesolution.com/2026/realest-html/page-services.html]
[html.kodesolution.com/2026/realest-html/page-service-details.html]
[html.kodesolution.com/2026/realest-html/page-projects.html]
[html.kodesolution.com/2026/realest-html/page-project-details.html]
[html.kodesolution.com/2026/realest-html/news-grid.html]
[html.kodesolution.com/2026/realest-html/news-details.html]
[html.kodesolution.com/2026/realest-html/images/logo3.png]
[html.kodesolution.com/2026/realest-html/images/banner/banner1-1.jpg]
[html.kodesolution.com/2026/realest-html/images/resource/banner1-1.png]
[html.kodesolution.com/2026/realest-html/images/banner/banner1-2.jpg]
[html.kodesolution.com/2026/realest-html/images/banner/banner1-3.jpg]
[html.kodesolution.com/2026/realest-html/images/icons/shape-1.png]
[html.kodesolution.com/2026/realest-html/images/resource/service3-1.jpg]
[html.kodesolution.com/2026/realest-html/images/resource/service3-2.jpg]
[html.kodesolution.com/2026/realest-html/images/resource/service3-3.jpg]
[html.kodesolution.com/2026/realest-html/images/resource/service3-4.jpg]
[html.kodesolution.com/2026/realest-html/images/resource/service3-5.jpg]
[html.kodesolution.com/2026/realest-html/images/icons/shape-2.png]
[html.kodesolution.com/2026/realest-html/images/resource/about1-1.jpg]
[html.kodesolution.com/2026/realest-html/images/resource/about1-2.jpg]
[html.kodesolution.com/2026/realest-html/images/resource/about1-1.png]
[html.kodesolution.com/2026/realest-html/images/resource/service2-1.png]
[html.kodesolution.com/2026/realest-html/images/resource/service2-1.jpg]
[html.kodesolution.com/2026/realest-html/images/resource/service2-2.jpg]
[html.kodesolution.com/2026/realest-html/images/resource/service2-3.jpg]
[html.kodesolution.com/2026/realest-html/images/resource/service2-5.jpg]
[html.kodesolution.com/2026/realest-html/images/icons/client1-1.png]
[html.kodesolution.com/2026/realest-html/images/icons/client1-2.png]
[html.kodesolution.com/2026/realest-html/images/icons/client1-3.png]
[html.kodesolution.com/2026/realest-html/images/icons/client1-4.png]
[html.kodesolution.com/2026/realest-html/images/icons/client1-5.png]
[html.kodesolution.com/2026/realest-html/images/icons/shape-3.png]
[html.kodesolution.com/2026/realest-html/images/resource/project-h1-1.jpg]
[html.kodesolution.com/2026/realest-html/images/resource/project-h1-2.jpg]
[html.kodesolution.com/2026/realest-html/images/resource/project-h1-3.jpg]
[html.kodesolution.com/2026/realest-html/images/icons/shape-4.png]
[html.kodesolution.com/2026/realest-html/images/resource/wcu1-1.jpg]
[html.kodesolution.com/2026/realest-html/images/icons/shape-5.png]
[html.kodesolution.com/2026/realest-html/images/resource/award1-1.png]
[html.kodesolution.com/2026/realest-html/images/icons/shape-6.png]
[html.kodesolution.com/2026/realest-html/images/resource/team1-1.png]
[html.kodesolution.com/2026/realest-html/images/resource/team1-2.png]
[html.kodesolution.com/2026/realest-html/images/resource/team1-3.png]
[html.kodesolution.com/2026/realest-html/images/resource/team1-4.png]
[html.kodesolution.com/2026/realest-html/images/icons/shape-7.png]
[html.kodesolution.com/2026/realest-html/images/resource/testi1-1.jpg]
[html.kodesolution.com/2026/realest-html/images/resource/testi1-2.jpg]
[html.kodesolution.com/2026/realest-html/images/resource/testi1-3.jpg]
[html.kodesolution.com/2026/realest-html/images/icons/shape-9.png]
[html.kodesolution.com/2026/realest-html/images/icons/shape-8.png]
[html.kodesolution.com/2026/realest-html/images/resource/contact1-1.jpg]
[html.kodesolution.com/2026/realest-html/images/icons/shape-10.png]
[html.kodesolution.com/2026/realest-html/images/icons/shape-11.png]
[html.kodesolution.com/2026/realest-html/images/resource/blog1-1.jpg]
[html.kodesolution.com/2026/realest-html/images/resource/blog1-2.jpg]
[html.kodesolution.com/2026/realest-html/images/resource/blog1-3.jpg]
[html.kodesolution.com/2026/realest-html/images/resource/footer1-1.png]
[html.kodesolution.com/2026/realest-html/images/icons/footer-h1-2.png]
[html.kodesolution.com/cdn-cgi/scripts/5c5dd728/cloudflare-static/email-decode.min.js]
[html.kodesolution.com/2026/realest-html/js/jquery.js]
[html.kodesolution.com/2026/realest-html/js/popper.min.js]
[html.kodesolution.com/2026/realest-html/js/bootstrap.min.js]
[html.kodesolution.com/2026/realest-html/js/jquery.fancybox.js]
[html.kodesolution.com/2026/realest-html/js/jquery-ui.js]
[html.kodesolution.com/2026/realest-html/js/wow.js]
[html.kodesolution.com/2026/realest-html/js/select2.min.js]
[html.kodesolution.com/2026/realest-html/js/appear.js]
[html.kodesolution.com/2026/realest-html/js/bxslider.js]
[html.kodesolution.com/2026/realest-html/js/knob.js]
[html.kodesolution.com/2026/realest-html/js/swiper.min.js]
[html.kodesolution.com/2026/realest-html/js/aos.js]
[html.kodesolution.com/2026/realest-html/js/gsap.min.js]
[html.kodesolution.com/2026/realest-html/js/ScrollTrigger.min.js]
[html.kodesolution.com/2026/realest-html/js/splitType.js]
[html.kodesolution.com/2026/realest-html/js/gsap-scroll-smoother.js]
[html.kodesolution.com/2026/realest-html/js/gsap-scroll-to-plugin.js]
[html.kodesolution.com/2026/realest-html/js/SplitText.min.js]
[html.kodesolution.com/2026/realest-html/js/custom-gsap.js]
[html.kodesolution.com/2026/realest-html/index.html]
[html.kodesolution.com/2026/realest-html/css/bootstrap.min.css]
[html.kodesolution.com/2026/realest-html/js/script.js]
[html.kodesolution.com/2026/realest-html/css/animate.css]
[html.kodesolution.com/2026/realest-html/css/aos.css]
[html.kodesolution.com/2026/realest-html/css/swiper.min.css]
[html.kodesolution.com/2026/realest-html/css/jquery.fancybox.min.css]
[html.kodesolution.com/2026/realest-html/css/jquery-ui.css]
[html.kodesolution.com/2026/realest-html/css/linear.css]
[html.kodesolution.com/2026/realest-html/css/select2.min.css]
[html.kodesolution.com/2026/realest-html/css/fontawesome.css]
[html.kodesolution.com/2026/realest-html/css/flaticon-set-realestate.css]
[html.kodesolution.com/2026/realest-html/css/tm-bs-mp.css]
[html.kodesolution.com/2026/realest-html/css/tm-utility-classes.css]
[html.kodesolution.com/2026/realest-html/images/logo.png]
[html.kodesolution.com/2026/realest-html/images/icons/preloader.png]
[html.kodesolution.com/2026/realest-html/images/icons/pattern-1.png]
[html.kodesolution.com/2026/realest-html/images/icons/pattern-2.png]
[html.kodesolution.com/2026/realest-html/images/icons/pattern-3.png]
[html.kodesolution.com/2026/realest-html/images/icons/pattern-4.png]
[html.kodesolution.com/2026/realest-html/images/icons/pattern-5.png]
[html.kodesolution.com/2026/realest-html/images/icons/pattern-6.png]
[html.kodesolution.com/2026/realest-html/images/icons/icon-wheel-1.png]
[html.kodesolution.com/2026/realest-html/images/icons/icon-wheel-2.png]
[html.kodesolution.com/2026/realest-html/images/icons/icon-wheel-3.png]
[html.kodesolution.com/2026/realest-html/images/icons/icon-wheel-5.png]
[html.kodesolution.com/2026/realest-html/images/icons/icon-wheel-compass-1.png]
[html.kodesolution.com/2026/realest-html/images/icons/icon-wheel-compass-2.png]
[html.kodesolution.com/2026/realest-html/images/icons/icon-wheel-compass-3.png]
[html.kodesolution.com/2026/realest-html/images/icons/icon-anchor-1.png]
[html.kodesolution.com/2026/realest-html/images/icons/icon-sailboat-line-1.png]
[html.kodesolution.com/2026/realest-html/images/icons/icon-sailboat-line-3.png]
[html.kodesolution.com/2026/realest-html/images/icons/icon-sailboat-line-4.png]
[html.kodesolution.com/2026/realest-html/images/icons/icon-big-boat-1.png]
[html.kodesolution.com/2026/realest-html/images/icons/icon-big-boat-2.png]
[html.kodesolution.com/2026/realest-html/images/icons/icon-big-boat-3.png]
[html.kodesolution.com/2026/realest-html/images/icons/icon-big-boat-5.png]
[html.kodesolution.com/2026/realest-html/images/background/footer1-pattern1.png]
[html.kodesolution.com/2026/realest-html/images/background/footer1-pattern2.png]
[html.kodesolution.com/2026/realest-html/images/icons/icon-plane-1.png]
[html.kodesolution.com/2026/realest-html/images/icons/icon-plane-2.png]
[html.kodesolution.com/2026/realest-html/images/icons/icon-plane-3.png]
[html.kodesolution.com/2026/realest-html/images/icons/icon-plane-4.png]
[html.kodesolution.com/2026/realest-html/images/icons/icon-plane-5.png]
[html.kodesolution.com/2026/realest-html/images/icons/icon-plane-6.png]
[html.kodesolution.com/2026/realest-html/images/icons/icon-plane-7.png]
[html.kodesolution.com/2026/realest-html/images/icons/icon-plane-8.png]
[html.kodesolution.com/2026/realest-html/images/icons/icon-plane-9.png]
[html.kodesolution.com/2026/realest-html/images/banner/icon-big-arrow.png]
[html.kodesolution.com/2026/realest-html/images/icons/icon-arrow-2.png]
[html.kodesolution.com/2026/realest-html/images/icons/icon-big-bus.png]
[html.kodesolution.com/2026/realest-html/images/icons/icon-bus.png]
[html.kodesolution.com/2026/realest-html/images/icons/icon-bus-2.png]
[html.kodesolution.com/2026/realest-html/images/icons/icon-bus-3.png]
[html.kodesolution.com/2026/realest-html/images/icons/overlay-1.png]
[html.kodesolution.com/2026/realest-html/images/icons/overlay-2.png]
[html.kodesolution.com/2026/realest-html/images/icons/overlay-3.png]
[html.kodesolution.com/2026/realest-html/images/icons/overlay-4.png]
[html.kodesolution.com/2026/realest-html/images/icons/overlay-5.png]
[html.kodesolution.com/2026/realest-html/images/icons/overlay-6.png]
[html.kodesolution.com/2026/realest-html/images/icons/icon-box.png]
[html.kodesolution.com/2026/realest-html/images/icons/icon-box-2.png]
[html.kodesolution.com/2026/realest-html/images/icons/icon-border-3.png]
[html.kodesolution.com/2026/realest-html/images/icons/icon-quote.png]
[html.kodesolution.com/2026/realest-html/images/icons/icon-quote-2.png]
[html.kodesolution.com/2026/realest-html/images/icons/icon-container.png]
[html.kodesolution.com/2026/realest-html/images/icons/icon-dots.png]
[html.kodesolution.com/2026/realest-html/images/icons/icon-dots-2.png]
[html.kodesolution.com/2026/realest-html/images/icons/icon-dots-3.png]
[html.kodesolution.com/2026/realest-html/images/icons/icon-dots-4.png]
[html.kodesolution.com/2026/realest-html/images/icons/icon-dots-5.png]
[html.kodesolution.com/2026/realest-html/images/icons/icon-dotted-map.png]
[html.kodesolution.com/2026/realest-html/images/icons/icon-dotted-map-2.png]
[html.kodesolution.com/2026/realest-html/images/icons/icon-city.png]
[html.kodesolution.com/2026/realest-html/images/icons/icon-city-2.png]
[html.kodesolution.com/2026/realest-html/images/icons/bg-lines.jpg]
[html.kodesolution.com/2026/realest-html/images/icons/icon-city-3.png]
[html.kodesolution.com/2026/realest-html/images/icons/sub-title2.png]
[html.kodesolution.com/2026/realest-html/images/icons/sub-title1.png]
[html.kodesolution.com/2026/realest-html/images/resource/project3-mask.png]
[html.kodesolution.com/2026/realest-html/images/resource/pricing-pattern.png]
[html.kodesolution.com/2026/realest-html/images/resource/offer-badge.png]
[html.kodesolution.com/2026/realest-html/images/resource/pricing-pattern-2.png]
[html.kodesolution.com/2026/realest-html/images/icons/shape-s1.svg]
[html.kodesolution.com/2026/realest-html/images/resource/service1-mask1.png]
[html.kodesolution.com/2026/realest-html/images/icons/cta-h1-1.png]
[html.kodesolution.com/2026/realest-html/images/resource/testimonial-bg-mask.png]
[html.kodesolution.com/2026/realest-html/images/icons/footer1-1.png]
[html.kodesolution.com/2026/realest-html/images/icons/footer-h1-1.png]
[html.kodesolution.com/2026/realest-html/images/icons/pattern-7.png]
[html.kodesolution.com/2026/realest-html/images/icons/cat-1-bg.png]
[html.kodesolution.com/2026/realest-html/images/icons/cat-2-bg.png]
[html.kodesolution.com/2026/realest-html/images/icons/cat-3-bg.png]
[html.kodesolution.com/2026/realest-html/images/icons/cat-4-bg.png]
[html.kodesolution.com/2026/realest-html/images/icons/pattern-8.png]
[html.kodesolution.com/2026/realest-html/css/style.css]
[html.kodesolution.com/2026/realest-html/index-2.html]
[html.kodesolution.com/2026/realest-html/images/banner/banner2-1.jpg]
[html.kodesolution.com/2026/realest-html/images/banner/banner2-2.jpg]
[html.kodesolution.com/2026/realest-html/images/icons/shape-13.png]
[html.kodesolution.com/2026/realest-html/images/icons/shape-12.png]
[html.kodesolution.com/2026/realest-html/images/resource/about2-1.jpg]
[html.kodesolution.com/2026/realest-html/images/resource/about2-2.jpg]
[html.kodesolution.com/2026/realest-html/images/icons/shape-14.png]
[html.kodesolution.com/2026/realest-html/images/resource/service1-1.jpg]
[html.kodesolution.com/2026/realest-html/images/resource/service1-2.jpg]
[html.kodesolution.com/2026/realest-html/images/resource/service1-3.jpg]
[html.kodesolution.com/2026/realest-html/images/icons/shape-15.png]
[html.kodesolution.com/2026/realest-html/images/resource/wcu2-1.jpg]
[html.kodesolution.com/2026/realest-html/images/icons/wcu2-1.png]
[html.kodesolution.com/2026/realest-html/images/resource/video1-1.jpg]
[html.kodesolution.com/2026/realest-html/images/icons/shape-16.png]
[html.kodesolution.com/2026/realest-html/images/resource/project1-1.jpg]
[html.kodesolution.com/2026/realest-html/images/resource/project1-2.jpg]
[html.kodesolution.com/2026/realest-html/images/resource/project1-3.jpg]
[html.kodesolution.com/2026/realest-html/images/resource/project1-4.jpg]
[html.kodesolution.com/2026/realest-html/images/icons/shape-17.png]
[html.kodesolution.com/2026/realest-html/images/icons/shape-18.png]
[html.kodesolution.com/2026/realest-html/images/resource/faq2-1.jpg]
[html.kodesolution.com/2026/realest-html/images/icons/shape-19.png]
[html.kodesolution.com/2026/realest-html/images/resource/conatct2-1.jpg]
[html.kodesolution.com/2026/realest-html/index-3.html]
[html.kodesolution.com/2026/realest-html/images/banner/banner3-1.png]
[html.kodesolution.com/2026/realest-html/images/banner/banner3-1.jpg]
[html.kodesolution.com/2026/realest-html/images/icons/shape-20.png]
[html.kodesolution.com/2026/realest-html/images/resource/about3-1.jpg]
[html.kodesolution.com/2026/realest-html/images/resource/about3-2.jpg]
[html.kodesolution.com/2026/realest-html/images/resource/feature-1.jpg]
[html.kodesolution.com/2026/realest-html/images/resource/feature-2.jpg]
[html.kodesolution.com/2026/realest-html/images/resource/feature-3.jpg]
[html.kodesolution.com/2026/realest-html/images/resource/feature-4.jpg]
[html.kodesolution.com/2026/realest-html/images/icons/shape-21.png]
[html.kodesolution.com/2026/realest-html/images/resource/work3-1.jpg]
[html.kodesolution.com/2026/realest-html/images/resource/work3-2.jpg]
[html.kodesolution.com/2026/realest-html/images/resource/work3-3.jpg]
[html.kodesolution.com/2026/realest-html/images/resource/work3-4.jpg]
[html.kodesolution.com/2026/realest-html/images/icons/shape-22.png]
[html.kodesolution.com/2026/realest-html/images/icons/shape-23.png]
[html.kodesolution.com/2026/realest-html/images/resource/project3-1.jpg]
[html.kodesolution.com/2026/realest-html/images/resource/project3-2.jpg]
[html.kodesolution.com/2026/realest-html/images/resource/project3-3.jpg]
[html.kodesolution.com/2026/realest-html/page-rooms.html]
[html.kodesolution.com/2026/realest-html/images/icons/shape-24.png]
[html.kodesolution.com/2026/realest-html/images/resource/testi-h3-1.jpg]
[html.kodesolution.com/2026/realest-html/images/resource/testi-h3-2.jpg]
[html.kodesolution.com/2026/realest-html/images/resource/testi-h3-3.jpg]
[html.kodesolution.com/2026/realest-html/images/icons/client3-1.png]
[html.kodesolution.com/2026/realest-html/images/icons/client3-2.png]
[html.kodesolution.com/2026/realest-html/images/icons/client3-3.png]
[html.kodesolution.com/2026/realest-html/images/icons/client3-4.png]
[html.kodesolution.com/2026/realest-html/images/icons/client3-5.png]
[html.kodesolution.com/2026/realest-html/images/icons/shape-25.png]
[html.kodesolution.com/2026/realest-html/images/resource/faq3-1.jpg]
[html.kodesolution.com/2026/realest-html/images/icons/shape-26.png]
[html.kodesolution.com/2026/realest-html/images/icons/shape-27.png]
[html.kodesolution.com/2026/realest-html/images/resource/blog3-1.jpg]
[html.kodesolution.com/2026/realest-html/images/resource/blog3-2.jpg]
[html.kodesolution.com/2026/realest-html/images/icons/shape-28.png]
[html.kodesolution.com/2026/realest-html/images/resource/contact3-1.jpg]
[html.kodesolution.com/2026/realest-html/images/icons/footer3-1.png]
[html.kodesolution.com/2026/realest-html/index-4.html]
[html.kodesolution.com/2026/realest-html/images/resource/page-title.jpg]
[html.kodesolution.com/2026/realest-html/js/gsap.js]
[html.kodesolution.com/2026/realest-html/js/ScrollSmoother.min.js]
[html.kodesolution.com/2026/realest-html/page-about.html]
[html.kodesolution.com/2026/realest-html/page-team.html]
[html.kodesolution.com/2026/realest-html/js/jquery-scrolltofixed-min.js]
[html.kodesolution.com/2026/realest-html/images/resource/team-details.jpg]
[html.kodesolution.com/2026/realest-html/js/jquery.validate.min.js]
[html.kodesolution.com/2026/realest-html/js/jquery.form.min.js]
[html.kodesolution.com/2026/realest-html/page-team-details.html]
[html.kodesolution.com/2026/realest-html/page-pricing.html]
[html.kodesolution.com/2026/realest-html/page-testimonial.html]
[html.kodesolution.com/2026/realest-html/page-faq.html]
[html.kodesolution.com/2026/realest-html/page-contact.html]
[html.kodesolution.com/2026/realest-html/js/contact-form-script.js]
[html.kodesolution.com/2026/realest-html/images/resource/products/1.jpg]
[html.kodesolution.com/2026/realest-html/images/resource/products/2.jpg]
[html.kodesolution.com/2026/realest-html/images/resource/products/3.jpg]
[html.kodesolution.com/2026/realest-html/images/resource/products/4.jpg]
[html.kodesolution.com/2026/realest-html/images/resource/products/5.jpg]
[html.kodesolution.com/2026/realest-html/images/resource/products/6.jpg]
[html.kodesolution.com/2026/realest-html/images/resource/products/7.jpg]
[html.kodesolution.com/2026/realest-html/images/resource/products/8.jpg]
[html.kodesolution.com/2026/realest-html/shop-products.html]
[html.kodesolution.com/2026/realest-html/js/mixitup.js]
[html.kodesolution.com/2026/realest-html/shop-details.html]
[html.kodesolution.com/2026/realest-html/images/resource/products/thumb-1.jpg]
[html.kodesolution.com/2026/realest-html/images/resource/products/thumb-2.jpg]
[html.kodesolution.com/2026/realest-html/images/resource/products/thumb-3.jpg]
[html.kodesolution.com/2026/realest-html/shop-products-sidebar.html]
[html.kodesolution.com/2026/realest-html/images/resource/products/product-details.jpg]
[html.kodesolution.com/2026/realest-html/images/resource/products/product-details2.jpg]
[html.kodesolution.com/2026/realest-html/images/resource/products/product-details3.jpg]
[html.kodesolution.com/2026/realest-html/images/resource/testi-thumb1-1.png]
[html.kodesolution.com/2026/realest-html/images/resource/testi-thumb1-2.png]
[html.kodesolution.com/2026/realest-html/shop-product-details.html]
[html.kodesolution.com/2026/realest-html/shop-cart.html]
[html.kodesolution.com/2026/realest-html/shop-checkout.html]
[html.kodesolution.com/2026/realest-html/images/resource/404.jpg]
[html.kodesolution.com/2026/realest-html/js/nice-select.min.js]
[html.kodesolution.com/2026/realest-html/page-404.html]
[html.kodesolution.com/2026/realest-html/page-services.html]
[html.kodesolution.com/2026/realest-html/images/resource/service-details.jpg]
[html.kodesolution.com/2026/realest-html/images/resource/service-d1.jpg]
[html.kodesolution.com/2026/realest-html/images/resource/service-d2.jpg]
[html.kodesolution.com/2026/realest-html/page-service-details.html]
[html.kodesolution.com/2026/realest-html/page-projects.html]
[html.kodesolution.com/2026/realest-html/images/resource/project-details.jpg]
[html.kodesolution.com/2026/realest-html/page-project-details.html]
[html.kodesolution.com/2026/realest-html/news-grid.html]
[html.kodesolution.com/2026/realest-html/images/resource/news-details.jpg]
[html.kodesolution.com/2026/realest-html/images/resource/client-3.jpg]
[html.kodesolution.com/2026/realest-html/images/resource/client-2.jpg]
[html.kodesolution.com/2026/realest-html/news-details.html]
[html.kodesolution.com/2026/realest-html/css/animate.css]
[html.kodesolution.com/2026/realest-html/css/aos.css]
[html.kodesolution.com/2026/realest-html/css/swiper.min.css]
[html.kodesolution.com/2026/realest-html/css/jquery.fancybox.min.css]
[html.kodesolution.com/2026/realest-html/css/images/ui-icons_444444_256x240.png]
[html.kodesolution.com/2026/realest-html/css/images/ui-icons_555555_256x240.png]
[html.kodesolution.com/2026/realest-html/css/images/ui-icons_777620_256x240.png]
[html.kodesolution.com/2026/realest-html/css/images/ui-icons_cc0000_256x240.png]
[html.kodesolution.com/2026/realest-html/css/jquery-ui.css]
[html.kodesolution.com/2026/realest-html/fonts/linearicons-free8429.eot]
[html.kodesolution.com/2026/realest-html/fonts/linearicons-free8429.ttf]
[html.kodesolution.com/2026/realest-html/fonts/linearicons-free8429.woff]
[html.kodesolution.com/2026/realest-html/css/linear.css]
[html.kodesolution.com/2026/realest-html/css/select2.min.css]
[html.kodesolution.com/2026/realest-html/fonts/linearicons-free8429.svg]
[html.kodesolution.com/2026/realest-html/fonts/fa-brands-400.woff2]
[html.kodesolution.com/2026/realest-html/fonts/fa-brands-400.woff]
[html.kodesolution.com/2026/realest-html/fonts/fa-brands-400.ttf]
[html.kodesolution.com/2026/realest-html/fonts/fa-duotone-900.woff2]
[html.kodesolution.com/2026/realest-html/fonts/fa-duotone-900.woff]
[html.kodesolution.com/2026/realest-html/fonts/fa-light-300.woff2]
[html.kodesolution.com/2026/realest-html/fonts/fa-light-300.woff]
[html.kodesolution.com/2026/realest-html/fonts/fa-duotone-900.ttf]
[html.kodesolution.com/2026/realest-html/fonts/fa-regular-400.woff2]
[html.kodesolution.com/2026/realest-html/fonts/fa-light-300.ttf]
[html.kodesolution.com/2026/realest-html/fonts/fa-regular-400.woff]
[html.kodesolution.com/2026/realest-html/fonts/fa-regular-400.ttf]
[html.kodesolution.com/2026/realest-html/fonts/fa-solid-900.woff2]
[html.kodesolution.com/2026/realest-html/fonts/fa-solid-900.woff]
[html.kodesolution.com/2026/realest-html/fonts/fa-thin-100.woff2]
[html.kodesolution.com/2026/realest-html/fonts/fa-solid-900.ttf]
[html.kodesolution.com/2026/realest-html/fonts/fa-thin-100.woff]
[html.kodesolution.com/2026/realest-html/css/fontawesome.css]
[html.kodesolution.com/2026/realest-html/fonts/fa-thin-100.ttf]
[html.kodesolution.com/2026/realest-html/fonts/flaticon-set-realestate.woff2]
[html.kodesolution.com/2026/realest-html/fonts/flaticon-set-realestate.woff]
[html.kodesolution.com/2026/realest-html/fonts/flaticon-set-realestate.eot]
[html.kodesolution.com/2026/realest-html/fonts/flaticon-set-realestate.ttf]
[html.kodesolution.com/2026/realest-html/css/flaticon-set-realestate.css]
[html.kodesolution.com/2026/realest-html/css/tm-bs-mp.css]
[html.kodesolution.com/2026/realest-html/css/tm-utility-classes.css]
[html.kodesolution.com/2026/realest-html/images/icons/preloader.html]
[html.kodesolution.com/2026/realest-html/images/icons/pattern-1.html]
[html.kodesolution.com/2026/realest-html/images/icons/pattern-2.html]
[html.kodesolution.com/2026/realest-html/images/icons/pattern-3.html]
[html.kodesolution.com/2026/realest-html/images/icons/pattern-4.html]
[html.kodesolution.com/2026/realest-html/images/icons/pattern-5.html]
[html.kodesolution.com/2026/realest-html/images/icons/pattern-6.html]
[html.kodesolution.com/2026/realest-html/images/icons/icon-wheel-1.html]
[html.kodesolution.com/2026/realest-html/images/icons/icon-wheel-2.html]
[html.kodesolution.com/2026/realest-html/images/icons/icon-wheel-3.html]
[html.kodesolution.com/2026/realest-html/images/icons/icon-wheel-5.html]
[html.kodesolution.com/2026/realest-html/images/icons/icon-wheel-compass-1.html]
[html.kodesolution.com/2026/realest-html/images/icons/icon-wheel-compass-2.html]
[html.kodesolution.com/2026/realest-html/images/icons/icon-wheel-compass-3.html]
[html.kodesolution.com/2026/realest-html/images/icons/icon-anchor-1.html]
[html.kodesolution.com/2026/realest-html/images/icons/icon-sailboat-line-1.html]
[html.kodesolution.com/2026/realest-html/images/icons/icon-sailboat-line-3.html]
[html.kodesolution.com/2026/realest-html/images/icons/icon-sailboat-line-4.html]
[html.kodesolution.com/2026/realest-html/images/icons/icon-big-boat-1.html]
[html.kodesolution.com/2026/realest-html/images/icons/icon-big-boat-2.html]
[html.kodesolution.com/2026/realest-html/images/icons/icon-big-boat-3.html]
[html.kodesolution.com/2026/realest-html/images/icons/icon-big-boat-5.html]
[html.kodesolution.com/2026/realest-html/images/background/footer1-pattern1.html]
[html.kodesolution.com/2026/realest-html/images/background/footer1-pattern2.html]
[html.kodesolution.com/2026/realest-html/images/icons/icon-plane-1.html]
[html.kodesolution.com/2026/realest-html/images/icons/icon-plane-2.html]
[html.kodesolution.com/2026/realest-html/images/icons/icon-plane-3.html]
[html.kodesolution.com/2026/realest-html/images/icons/icon-plane-4.html]
[html.kodesolution.com/2026/realest-html/images/icons/icon-plane-5.html]
[html.kodesolution.com/2026/realest-html/images/icons/icon-plane-6.html]
[html.kodesolution.com/2026/realest-html/images/icons/icon-plane-7.html]
[html.kodesolution.com/2026/realest-html/images/icons/icon-plane-8.html]
[html.kodesolution.com/2026/realest-html/images/icons/icon-plane-9.html]
[html.kodesolution.com/2026/realest-html/images/banner/icon-big-arrow.html]
[html.kodesolution.com/2026/realest-html/images/icons/icon-arrow-2.html]
[html.kodesolution.com/2026/realest-html/images/icons/icon-big-bus.html]
[html.kodesolution.com/2026/realest-html/images/icons/icon-bus.html]
[html.kodesolution.com/2026/realest-html/images/icons/icon-bus-2.html]
[html.kodesolution.com/2026/realest-html/images/icons/icon-bus-3.html]
[html.kodesolution.com/2026/realest-html/images/icons/overlay-1.html]
[html.kodesolution.com/2026/realest-html/images/icons/overlay-2.html]
[html.kodesolution.com/2026/realest-html/images/icons/overlay-3.html]
[html.kodesolution.com/2026/realest-html/images/icons/overlay-4.html]
[html.kodesolution.com/2026/realest-html/images/icons/overlay-5.html]
[html.kodesolution.com/2026/realest-html/images/icons/overlay-6.html]
[html.kodesolution.com/2026/realest-html/images/icons/icon-box.html]
[html.kodesolution.com/2026/realest-html/images/icons/icon-box-2.html]
[html.kodesolution.com/2026/realest-html/images/icons/icon-border-3.html]
[html.kodesolution.com/2026/realest-html/images/icons/icon-quote.html]
[html.kodesolution.com/2026/realest-html/images/icons/icon-quote-2.html]
[html.kodesolution.com/2026/realest-html/images/icons/icon-container.html]
[html.kodesolution.com/2026/realest-html/images/icons/icon-dots.html]
[html.kodesolution.com/2026/realest-html/images/icons/icon-dots-2.html]
[html.kodesolution.com/2026/realest-html/images/icons/icon-dots-3.html]
[html.kodesolution.com/2026/realest-html/images/icons/icon-dots-4.html]
[html.kodesolution.com/2026/realest-html/images/icons/icon-dots-5.html]
[html.kodesolution.com/2026/realest-html/images/icons/icon-dotted-map.html]
[html.kodesolution.com/2026/realest-html/images/icons/icon-dotted-map-2.html]
[html.kodesolution.com/2026/realest-html/images/icons/icon-city.html]
[html.kodesolution.com/2026/realest-html/images/icons/icon-city-2.html]
[html.kodesolution.com/2026/realest-html/images/icons/bg-lines.html]
[html.kodesolution.com/2026/realest-html/images/icons/icon-city-3.html]
[html.kodesolution.com/2026/realest-html/images/resource/pricing-pattern.html]
[html.kodesolution.com/2026/realest-html/images/resource/offer-badge.html]
[html.kodesolution.com/2026/realest-html/images/resource/pricing-pattern-2.html]
[html.kodesolution.com/2026/realest-html/images/icons/shape-s1.html]
[html.kodesolution.com/2026/realest-html/images/icons/cta-h1-1.html]
[html.kodesolution.com/2026/realest-html/images/icons/pattern-7.html]
[html.kodesolution.com/2026/realest-html/images/icons/cat-1-bg.html]
[html.kodesolution.com/2026/realest-html/images/icons/cat-2-bg.html]
[html.kodesolution.com/2026/realest-html/images/icons/cat-3-bg.html]
[html.kodesolution.com/2026/realest-html/images/icons/cat-4-bg.html]
[html.kodesolution.com/2026/realest-html/images/icons/pattern-8.html]
[html.kodesolution.com/2026/realest-html/page-rooms.html]
[html.kodesolution.com/2026/realest-html/shop-details.html]
[html.kodesolution.com/2026/realest-html/js/nice-select.min.html]
[html.kodesolution.com/2026/realest-html/css/images/ui-icons_777620_256x240.html]
[html.kodesolution.com/2026/realest-html/css/images/ui-icons_cc0000_256x240.html]
[html.kodesolution.com/2026/realest-html/fonts/linearicons-free8429.svg]
[html.kodesolution.com/2026/realest-html/fonts/flaticon-set-realestate.svg]
[html.kodesolution.com/2026/realest-html/fonts/flaticon-set-realestate.svg]
